2025-10-25 19:59:40,828 - INFO - Assigned user 999999999 to group 22 (code: moi)

╨Ч╨░╨┐╤Г╤Б╨║ ╤В╨╡╤Б╤В╨╕╤А╨╛╨▓╨░╨╜╨╕╤П ╨╛╨▒╤А╨░╨▒╨╛╤В╨║╨╕ deeplink...
================================================================================
╨в╨Х╨б╨в: ╨Ю╨▒╤А╨░╨▒╨╛╤В╨║╨░ deeplink ╨┤╨╗╤П ╨╜╨╛╨▓╨╛╨│╨╛ ╨┐╨╛╨╗╤М╨╖╨╛╨▓╨░╤В╨╡╨╗╤П
================================================================================

1. ╨Я╤А╨╛╨▓╨╡╤А╨║╨░ ╤В╨╡╤Б╤В╨╛╨▓╨╛╨│╨╛ ╨┐╨╛╨╗╤М╨╖╨╛╨▓╨░╤В╨╡╨╗╤П...
   ╨Я╨╛╨╗╤М╨╖╨╛╨▓╨░╤В╨╡╨╗╤М ╨╜╨░╨╣╨┤╨╡╨╜: test_user (ID: 1007)
   ╨в╨╡╨║╤Г╤Й╨░╤П ╨│╤А╤Г╨┐╨┐╨░: 22, ╨▒╨░╨╗╨░╨╜╤Б: 0.0

2. ╨Я╤А╨╛╨▓╨╡╤А╨║╨░ ╨│╤А╤Г╨┐╨┐╤Л 'moi'...
   тЬЕ ╨У╤А╤Г╨┐╨┐╨░ ╨╜╨░╨╣╨┤╨╡╨╜╨░: ╨Ь╨Ю╨Ш (ID: 22, Code: moi)

3. ╨Я╤А╨╛╨▓╨╡╤А╨║╨░ ╨┐╤А╨╛╨╝╨╛╨║╨╛╨┤╨░ 'SKIDKA100RUB'...
   тЬЕ ╨Я╤А╨╛╨╝╨╛╨║╨╛╨┤ ╨╜╨░╨╣╨┤╨╡╨╜: SKIDKA100RUB (ID: 23)
   ╨С╨╛╨╜╤Г╤Б: 100.0 ╤А╤Г╨▒.

4. ╨б╨╕╨╝╤Г╨╗╤П╤Ж╨╕╤П ╨╛╨▒╤А╨░╨▒╨╛╤В╨║╨╕ deeplink ╨┐╨░╤А╨░╨╝╨╡╤В╤А╨╛╨▓...
   Deeplink: user_groups=moi&promo_SKIDKA100RUB

   4.1. ╨Э╨░╨╖╨╜╨░╤З╨╡╨╜╨╕╨╡ ╨┐╨╛╨╗╤М╨╖╨╛╨▓╨░╤В╨╡╨╗╤П ╨▓ ╨│╤А╤Г╨┐╨┐╤Г...
   тЬЕ ╨Я╨╛╨╗╤М╨╖╨╛╨▓╨░╤В╨╡╨╗╤М ╤Г╤Б╨┐╨╡╤И╨╜╨╛ ╨╜╨░╨╖╨╜╨░╤З╨╡╨╜ ╨▓ ╨│╤А╤Г╨┐╨┐╤Г 'moi'
   тЬЕ ╨Я╤А╨╛╨▓╨╡╤А╨║╨░: ╨│╤А╤Г╨┐╨┐╨░ ╨║╨╛╤А╤А╨╡╨║╤В╨╜╨╛ ╨╜╨░╨╖╨╜╨░╤З╨╡╨╜╨░ (ID: 22)

   4.2. ╨Я╤А╨╕╨╝╨╡╨╜╨╡╨╜╨╕╨╡ ╨┐╤А╨╛╨╝╨╛╨║╨╛╨┤╨░...
   тЪая╕П  ╨Я╤А╨╛╨╝╨╛╨║╨╛╨┤ ╨╜╨╡ ╨╝╨╛╨╢╨╡╤В ╨▒╤Л╤В╤М ╨╕╤Б╨┐╨╛╨╗╤М╨╖╨╛╨▓╨░╨╜: ╨Т╤А╨╡╨╝╤П ╨╕╤Б╨┐╨╛╨╗╤М╨╖╨╛╨▓╨░╨╜╨╕╤П ╨┐╤А╨╛╨╝╨╛╨║╨╛╨┤╨░ ╨╕╤Б╤В╨╡╨║╨╗╨╛
   (╨н╤В╨╛ ╨╜╨╛╤А╨╝╨░╨╗╤М╨╜╨╛, ╨╡╤Б╨╗╨╕ ╨┐╤А╨╛╨╝╨╛╨║╨╛╨┤ ╤Г╨╢╨╡ ╨▒╤Л╨╗ ╨╕╤Б╨┐╨╛╨╗╤М╨╖╨╛╨▓╨░╨╜ ╤А╨░╨╜╨╡╨╡)

================================================================================
тЬЕ ╨Т╨б╨Х ╨Я╨а╨Ю╨Т╨Х╨а╨Ъ╨Ш ╨Я╨а╨Ю╨Щ╨Ф╨Х╨Э╨л ╨г╨б╨Я╨Х╨и╨Э╨Ю!
================================================================================

╨а╨╡╨╖╤О╨╝╨╡:
  тАв ╨Я╨╛╨╗╤М╨╖╨╛╨▓╨░╤В╨╡╨╗╤М ID 999999999: test_user
  тАв ╨У╤А╤Г╨┐╨┐╨░: ╨Ь╨Ю╨Ш (code: moi)
  тАв ╨С╨░╨╗╨░╨╜╤Б: 0.0 ╤А╤Г╨▒.
  тАв ╨Я╤А╨╛╨╝╨╛╨║╨╛╨┤: SKIDKA100RUB

тЬЕ ╨в╨╡╤Б╤В╨╕╤А╨╛╨▓╨░╨╜╨╕╨╡ ╨╖╨░╨▓╨╡╤А╤И╨╡╨╜╨╛ ╤Г╤Б╨┐╨╡╤И╨╜╨╛!
